###############################################################################
#
# IAR ELF Linker V7.60.2.11341/W32 for ARM                25/May/2016  02:33:48
# Copyright 2007-2016 IAR Systems AB.
#
#    Output file  =  
#        C:\Users\Zubair\Documents\iarProject\lcddx\Debug\Exe\lcddx.out
#    Map file     =  
#        C:\Users\Zubair\Documents\iarProject\lcddx\Debug\List\lcddx.map
#    Command line =  
#        C:\Users\Zubair\Documents\iarProject\lcddx\Debug\Obj\lcd_z.o
#        C:\Users\Zubair\Documents\iarProject\lcddx\Debug\Obj\main.o -o
#        C:\Users\Zubair\Documents\iarProject\lcddx\Debug\Exe\lcddx.out
#        --redirect _Printf=_PrintfFull --redirect _Scanf=_ScanfFull --map
#        C:\Users\Zubair\Documents\iarProject\lcddx\Debug\List\lcddx.map
#        --config "D:\IAR Systems\Embedded Workbench
#        7.4\arm\config\linker\TexasInstruments\LM4F120H5QR.icf" --semihosting
#        --entry __iar_program_start --vfe
#
###############################################################################

*******************************************************************************
*** RUNTIME MODEL ATTRIBUTES
***

CppFlavor       = *
__SystemLibrary = DLib


*******************************************************************************
*** PLACEMENT SUMMARY
***

"A1":  place at 0x00000000 { ro section .intvec };
"P1":  place in [from 0x00000000 to 0x0003ffff] { ro };
"P2":  place in [from 0x20000000 to 0x20007fff] { rw, block CSTACK, block HEAP };

  Section   Kind        Address   Size  Object
  -------   ----        -------   ----  ------
"A1":                             0x40
  .intvec   ro code  0x00000000   0x40  vector_table_M.o [5]
                   - 0x00000040   0x40

"P1":                            0x2d4
  .text     ro code  0x00000040  0x190  lcd_z.o [1]
  .text     ro code  0x000001d0   0xa8  main.o [1]
  .text     ro code  0x00000278   0x22  fpinit_M.o [4]
  .text     ro code  0x0000029a    0x2  vector_table_M.o [5]
  .text     ro code  0x0000029c   0x1a  cmain.o [5]
  .text     ro code  0x000002b6    0x4  low_level_init.o [3]
  .text     ro code  0x000002ba    0x4  exit.o [3]
  .text     ro code  0x000002c0    0xa  cexit.o [5]
  .text     ro code  0x000002cc   0x14  exit.o [6]
  .rodata   const    0x000002e0   0x10  main.o [1]
  .rodata   const    0x000002f0    0xc  main.o [1]
  .rodata   const    0x000002fc    0xc  main.o [1]
  .text     ro code  0x00000308    0xc  cstartup_M.o [5]
                   - 0x00000314  0x2d4

"P2":                            0x800
  CSTACK             0x20000000  0x800  <Block>
    CSTACK  uninit   0x20000000  0x800  <Block tail>
                   - 0x20000800  0x800



*******************************************************************************
*** MODULE SUMMARY
***

    Module            ro code  ro data  rw data
    ------            -------  -------  -------
C:\Users\Zubair\Documents\iarProject\lcddx\Debug\Obj: [1]
    lcd_z.o               400
    main.o                168       40
    -------------------------------------------
    Total:                568       40

command line: [2]
    -------------------------------------------
    Total:

dl7M_tln.a: [3]
    exit.o                  4
    low_level_init.o        4
    -------------------------------------------
    Total:                  8

m7M_tls.a: [4]
    fpinit_M.o             34
    -------------------------------------------
    Total:                 34

rt7M_tl.a: [5]
    cexit.o                10
    cmain.o                26
    cstartup_M.o           12
    vector_table_M.o       66
    -------------------------------------------
    Total:                114

shb_l.a: [6]
    exit.o                 20
    -------------------------------------------
    Total:                 20

    Gaps                    4
    Linker created                        2 048
-----------------------------------------------
    Grand Total:          748       40    2 048


*******************************************************************************
*** ENTRY LIST
***

Entry                    Address  Size  Type      Object
-----                    -------  ----  ----      ------
?main                 0x0000029d        Code  Gb  cmain.o [5]
CSTACK$$Base          0x20000000         --   Gb  - Linker created -
CSTACK$$Limit         0x20000800         --   Gb  - Linker created -
Region$$Table$$Base   0x00000000         --   Gb  - Linker created -
Region$$Table$$Limit  0x00000000         --   Gb  - Linker created -
__cmain               0x0000029d        Code  Gb  cmain.o [5]
__exit                0x000002cd  0x14  Code  Gb  exit.o [6]
__iar_init_vfp        0x00000279        Code  Gb  fpinit_M.o [4]
__iar_program_start   0x00000309        Code  Gb  cstartup_M.o [5]
__low_level_init      0x000002b7   0x4  Code  Gb  low_level_init.o [3]
__vector_table        0x00000000        Data  Gb  vector_table_M.o [5]
_call_main            0x000002a9        Code  Gb  cmain.o [5]
_exit                 0x000002c1        Code  Gb  cexit.o [5]
_main                 0x000002b3        Code  Gb  cmain.o [5]
delay                 0x00000041  0x1a  Code  Gb  lcd_z.o [1]
exit                  0x000002bb   0x4  Code  Gb  exit.o [3]
init_lcd              0x0000005b  0x7c  Code  Gb  lcd_z.o [1]
lcd_clr               0x0000015d  0x20  Code  Gb  lcd_z.o [1]
main                  0x000001d1  0xa8  Code  Gb  main.o [1]
set_cursor            0x0000017d  0x30  Code  Gb  lcd_z.o [1]
write_cmd             0x000000d7  0x34  Code  Gb  lcd_z.o [1]
write_data            0x0000010b  0x34  Code  Gb  lcd_z.o [1]
write_string          0x0000013f  0x1e  Code  Gb  lcd_z.o [1]


[1] = C:\Users\Zubair\Documents\iarProject\lcddx\Debug\Obj
[2] = command line
[3] = dl7M_tln.a
[4] = m7M_tls.a
[5] = rt7M_tl.a
[6] = shb_l.a

    748 bytes of readonly  code memory
     40 bytes of readonly  data memory
  2 048 bytes of readwrite data memory

Errors: none
Warnings: none
